[     925ms] [INFO] %cDownload the React DevTools for a better development experience: https://react.dev/link/react-devtools font-weight:bold @ webpack-internal:///(app-pages-browser)/../../../node_modules/next/dist/next-devtools/shared/forward-logs-shared.js:27
[    1290ms] [LOG] [HMR] connected @ webpack-internal:///(app-pages-browser)/../../../node_modules/next/dist/next-devtools/shared/forward-logs-shared.js:27
[    1319ms] [LOG] [HMR] connected @ webpack-internal:///(app-pages-browser)/../../../node_modules/next/dist/next-devtools/shared/forward-logs-shared.js:27
[    1439ms] [LOG] [engine] canvas wired — contentDocument reachable (COEP smoke PASS) @ webpack-internal:///(app-pages-browser)/../../../node_modules/next/dist/next-devtools/shared/forward-logs-shared.js:27
[   70593ms] [LOG] [Fast Refresh] rebuilding @ webpack-internal:///(app-pages-browser)/../../../node_modules/next/dist/next-devtools/shared/forward-logs-shared.js:27
[   70595ms] [LOG] [Fast Refresh] rebuilding @ webpack-internal:///(app-pages-browser)/../../../node_modules/next/dist/next-devtools/shared/forward-logs-shared.js:27
[   71703ms] [LOG] [Fast Refresh] done in 1110ms @ webpack-internal:///(app-pages-browser)/../../../node_modules/next/dist/next-devtools/shared/forward-logs-shared.js:27
[   71704ms] [LOG] [Fast Refresh] done in 1109ms @ webpack-internal:///(app-pages-browser)/../../../node_modules/next/dist/next-devtools/shared/forward-logs-shared.js:27
[   81282ms] [LOG] [Fast Refresh] rebuilding @ webpack-internal:///(app-pages-browser)/../../../node_modules/next/dist/next-devtools/shared/forward-logs-shared.js:27
[   81283ms] [LOG] [Fast Refresh] rebuilding @ webpack-internal:///(app-pages-browser)/../../../node_modules/next/dist/next-devtools/shared/forward-logs-shared.js:27
[   81786ms] [LOG] [Fast Refresh] done in 502ms @ webpack-internal:///(app-pages-browser)/../../../node_modules/next/dist/next-devtools/shared/forward-logs-shared.js:27
[   81795ms] [LOG] [Fast Refresh] rebuilding @ webpack-internal:///(app-pages-browser)/../../../node_modules/next/dist/next-devtools/shared/forward-logs-shared.js:27
[   81795ms] [LOG] [Fast Refresh] rebuilding @ webpack-internal:///(app-pages-browser)/../../../node_modules/next/dist/next-devtools/shared/forward-logs-shared.js:27
[   82310ms] [LOG] [Fast Refresh] done in 515ms @ webpack-internal:///(app-pages-browser)/../../../node_modules/next/dist/next-devtools/shared/forward-logs-shared.js:27
[   82832ms] [LOG] [Fast Refresh] done in 1038ms @ webpack-internal:///(app-pages-browser)/../../../node_modules/next/dist/next-devtools/shared/forward-logs-shared.js:27
[   82833ms] [LOG] [Fast Refresh] done in 1038ms @ webpack-internal:///(app-pages-browser)/../../../node_modules/next/dist/next-devtools/shared/forward-logs-shared.js:27
[   93965ms] [LOG] [Fast Refresh] rebuilding @ webpack-internal:///(app-pages-browser)/../../../node_modules/next/dist/next-devtools/shared/forward-logs-shared.js:27
[   93965ms] [LOG] [Fast Refresh] rebuilding @ webpack-internal:///(app-pages-browser)/../../../node_modules/next/dist/next-devtools/shared/forward-logs-shared.js:27
[   97071ms] [LOG] [Fast Refresh] rebuilding @ webpack-internal:///(app-pages-browser)/../../../node_modules/next/dist/next-devtools/shared/forward-logs-shared.js:27
[   97075ms] [LOG] [Fast Refresh] rebuilding @ webpack-internal:///(app-pages-browser)/../../../node_modules/next/dist/next-devtools/shared/forward-logs-shared.js:27
[   97722ms] [LOG] [Fast Refresh] done in 646ms @ webpack-internal:///(app-pages-browser)/../../../node_modules/next/dist/next-devtools/shared/forward-logs-shared.js:27
[   97962ms] [LOG] [Fast Refresh] done in 891ms @ webpack-internal:///(app-pages-browser)/../../../node_modules/next/dist/next-devtools/shared/forward-logs-shared.js:27
[   98441ms] [LOG] [Fast Refresh] done in 1366ms @ webpack-internal:///(app-pages-browser)/../../../node_modules/next/dist/next-devtools/shared/forward-logs-shared.js:27
[   98575ms] [LOG] [Fast Refresh] done in 1503ms @ webpack-internal:///(app-pages-browser)/../../../node_modules/next/dist/next-devtools/shared/forward-logs-shared.js:27
[  132025ms] [LOG] [Fast Refresh] rebuilding @ webpack-internal:///(app-pages-browser)/../../../node_modules/next/dist/next-devtools/shared/forward-logs-shared.js:27
[  132031ms] [LOG] [Fast Refresh] rebuilding @ webpack-internal:///(app-pages-browser)/../../../node_modules/next/dist/next-devtools/shared/forward-logs-shared.js:27
[  133181ms] [LOG] [Fast Refresh] done in 1151ms @ webpack-internal:///(app-pages-browser)/../../../node_modules/next/dist/next-devtools/shared/forward-logs-shared.js:27
[  133189ms] [LOG] [Fast Refresh] rebuilding @ webpack-internal:///(app-pages-browser)/../../../node_modules/next/dist/next-devtools/shared/forward-logs-shared.js:27
[  133189ms] [LOG] [Fast Refresh] rebuilding @ webpack-internal:///(app-pages-browser)/../../../node_modules/next/dist/next-devtools/shared/forward-logs-shared.js:27
[  133471ms] [LOG] [Fast Refresh] done in 282ms @ webpack-internal:///(app-pages-browser)/../../../node_modules/next/dist/next-devtools/shared/forward-logs-shared.js:27
[  133746ms] [LOG] [Fast Refresh] done in 558ms @ webpack-internal:///(app-pages-browser)/../../../node_modules/next/dist/next-devtools/shared/forward-logs-shared.js:27
[  133789ms] [LOG] [Fast Refresh] rebuilding @ webpack-internal:///(app-pages-browser)/../../../node_modules/next/dist/next-devtools/shared/forward-logs-shared.js:27
[  134221ms] [LOG] [Fast Refresh] done in 432ms @ webpack-internal:///(app-pages-browser)/../../../node_modules/next/dist/next-devtools/shared/forward-logs-shared.js:27
[  135718ms] [LOG] [engine] canvas wired — contentDocument reachable (COEP smoke PASS) @ webpack-internal:///(app-pages-browser)/../../../node_modules/next/dist/next-devtools/shared/forward-logs-shared.js:27
[  135719ms] [LOG] [HMR] connected @ webpack-internal:///(app-pages-browser)/../../../node_modules/next/dist/next-devtools/shared/forward-logs-shared.js:27
[  136401ms] [INFO] %cDownload the React DevTools for a better development experience: https://react.dev/link/react-devtools font-weight:bold @ webpack-internal:///(app-pages-browser)/../../../node_modules/next/dist/next-devtools/shared/forward-logs-shared.js:27
[  136690ms] [LOG] [HMR] connected @ webpack-internal:///(app-pages-browser)/../../../node_modules/next/dist/next-devtools/shared/forward-logs-shared.js:27
[  136716ms] [LOG] [HMR] connected @ webpack-internal:///(app-pages-browser)/../../../node_modules/next/dist/next-devtools/shared/forward-logs-shared.js:27
[  136822ms] [LOG] [engine] canvas wired — contentDocument reachable (COEP smoke PASS) @ webpack-internal:///(app-pages-browser)/../../../node_modules/next/dist/next-devtools/shared/forward-logs-shared.js:27
[  190289ms] [LOG] [Fast Refresh] rebuilding @ webpack-internal:///(app-pages-browser)/../../../node_modules/next/dist/next-devtools/shared/forward-logs-shared.js:27
[  190293ms] [LOG] [Fast Refresh] rebuilding @ webpack-internal:///(app-pages-browser)/../../../node_modules/next/dist/next-devtools/shared/forward-logs-shared.js:27
[  193115ms] [LOG] [Fast Refresh] done in 2824ms @ webpack-internal:///(app-pages-browser)/../../../node_modules/next/dist/next-devtools/shared/forward-logs-shared.js:27
[  193301ms] [LOG] [Fast Refresh] done in 3017ms @ webpack-internal:///(app-pages-browser)/../../../node_modules/next/dist/next-devtools/shared/forward-logs-shared.js:27
[  194310ms] [LOG] [Fast Refresh] rebuilding @ webpack-internal:///(app-pages-browser)/../../../node_modules/next/dist/next-devtools/shared/forward-logs-shared.js:27
[  194310ms] [LOG] [Fast Refresh] rebuilding @ webpack-internal:///(app-pages-browser)/../../../node_modules/next/dist/next-devtools/shared/forward-logs-shared.js:27
[  194730ms] [LOG] [Fast Refresh] done in 420ms @ webpack-internal:///(app-pages-browser)/../../../node_modules/next/dist/next-devtools/shared/forward-logs-shared.js:27
[  194783ms] [LOG] [Fast Refresh] rebuilding @ webpack-internal:///(app-pages-browser)/../../../node_modules/next/dist/next-devtools/shared/forward-logs-shared.js:27
[  194784ms] [LOG] [Fast Refresh] rebuilding @ webpack-internal:///(app-pages-browser)/../../../node_modules/next/dist/next-devtools/shared/forward-logs-shared.js:27
[  194957ms] [LOG] [Fast Refresh] done in 174ms @ webpack-internal:///(app-pages-browser)/../../../node_modules/next/dist/next-devtools/shared/forward-logs-shared.js:27
[  195372ms] [LOG] [Fast Refresh] done in 589ms @ webpack-internal:///(app-pages-browser)/../../../node_modules/next/dist/next-devtools/shared/forward-logs-shared.js:27
[  195374ms] [LOG] [Fast Refresh] done in 590ms @ webpack-internal:///(app-pages-browser)/../../../node_modules/next/dist/next-devtools/shared/forward-logs-shared.js:27
[  200904ms] [LOG] [Fast Refresh] rebuilding @ webpack-internal:///(app-pages-browser)/../../../node_modules/next/dist/next-devtools/shared/forward-logs-shared.js:27
[  200904ms] [LOG] [Fast Refresh] rebuilding @ webpack-internal:///(app-pages-browser)/../../../node_modules/next/dist/next-devtools/shared/forward-logs-shared.js:27
[  201914ms] [LOG] [engine] select {file: src/app/(dev)/effect-creator/v5.3.1/user/EmptyState.tsx, line: 17, col: 11, tag: span, classes: Array(1)} {computed: Object, defined: Object} @ webpack-internal:///(app-pages-browser)/../../../node_modules/next/dist/next-devtools/shared/forward-logs-shared.js:27
[  202493ms] [LOG] [Fast Refresh] done in 1588ms @ webpack-internal:///(app-pages-browser)/../../../node_modules/next/dist/next-devtools/shared/forward-logs-shared.js:27
[  202502ms] [LOG] [Fast Refresh] rebuilding @ webpack-internal:///(app-pages-browser)/../../../node_modules/next/dist/next-devtools/shared/forward-logs-shared.js:27
[  202502ms] [LOG] [Fast Refresh] rebuilding @ webpack-internal:///(app-pages-browser)/../../../node_modules/next/dist/next-devtools/shared/forward-logs-shared.js:27
[  202806ms] [LOG] [Fast Refresh] done in 304ms @ webpack-internal:///(app-pages-browser)/../../../node_modules/next/dist/next-devtools/shared/forward-logs-shared.js:27
[  203487ms] [LOG] [Fast Refresh] done in 985ms @ webpack-internal:///(app-pages-browser)/../../../node_modules/next/dist/next-devtools/shared/forward-logs-shared.js:27
[  203500ms] [LOG] [Fast Refresh] done in 998ms @ webpack-internal:///(app-pages-browser)/../../../node_modules/next/dist/next-devtools/shared/forward-logs-shared.js:27
[  204209ms] [LOG] [engine] select {file: src/app/(dev)/effect-creator/v5.3.1/user/EmptyState.tsx, line: 17, col: 11, tag: span, classes: Array(1)} {computed: Object, defined: Object} @ webpack-internal:///(app-pages-browser)/../../../node_modules/next/dist/next-devtools/shared/forward-logs-shared.js:27
[  209450ms] [LOG] [Fast Refresh] rebuilding @ webpack-internal:///(app-pages-browser)/../../../node_modules/next/dist/next-devtools/shared/forward-logs-shared.js:27
[  209451ms] [LOG] [Fast Refresh] rebuilding @ webpack-internal:///(app-pages-browser)/../../../node_modules/next/dist/next-devtools/shared/forward-logs-shared.js:27
[  210119ms] [LOG] [Fast Refresh] rebuilding @ webpack-internal:///(app-pages-browser)/../../../node_modules/next/dist/next-devtools/shared/forward-logs-shared.js:27
[  210119ms] [LOG] [Fast Refresh] rebuilding @ webpack-internal:///(app-pages-browser)/../../../node_modules/next/dist/next-devtools/shared/forward-logs-shared.js:27
[  210135ms] [LOG] [Fast Refresh] done in 16ms @ webpack-internal:///(app-pages-browser)/../../../node_modules/next/dist/next-devtools/shared/forward-logs-shared.js:27
[  210140ms] [LOG] [Fast Refresh] done in 20ms @ webpack-internal:///(app-pages-browser)/../../../node_modules/next/dist/next-devtools/shared/forward-logs-shared.js:27
[  211791ms] [LOG] [Fast Refresh] done in 1672ms @ webpack-internal:///(app-pages-browser)/../../../node_modules/next/dist/next-devtools/shared/forward-logs-shared.js:27
[  211938ms] [LOG] [Fast Refresh] done in 1818ms @ webpack-internal:///(app-pages-browser)/../../../node_modules/next/dist/next-devtools/shared/forward-logs-shared.js:27
[  212382ms] [LOG] [engine] select {file: src/app/(dev)/effect-creator/v5.3.1/user/EmptyState.tsx, line: 17, col: 11, tag: span, classes: Array(1)} {computed: Object, defined: Object} @ webpack-internal:///(app-pages-browser)/../../../node_modules/next/dist/next-devtools/shared/forward-logs-shared.js:27
[  216763ms] [LOG] [Fast Refresh] rebuilding @ webpack-internal:///(app-pages-browser)/../../../node_modules/next/dist/next-devtools/shared/forward-logs-shared.js:27
[  216763ms] [LOG] [Fast Refresh] rebuilding @ webpack-internal:///(app-pages-browser)/../../../node_modules/next/dist/next-devtools/shared/forward-logs-shared.js:27
[  217510ms] [LOG] [Fast Refresh] rebuilding @ webpack-internal:///(app-pages-browser)/../../../node_modules/next/dist/next-devtools/shared/forward-logs-shared.js:27
[  217510ms] [LOG] [Fast Refresh] rebuilding @ webpack-internal:///(app-pages-browser)/../../../node_modules/next/dist/next-devtools/shared/forward-logs-shared.js:27
[  217523ms] [LOG] [Fast Refresh] done in 12ms @ webpack-internal:///(app-pages-browser)/../../../node_modules/next/dist/next-devtools/shared/forward-logs-shared.js:27
[  217952ms] [LOG] [Fast Refresh] done in 442ms @ webpack-internal:///(app-pages-browser)/../../../node_modules/next/dist/next-devtools/shared/forward-logs-shared.js:27
[  218346ms] [LOG] [Fast Refresh] done in 835ms @ webpack-internal:///(app-pages-browser)/../../../node_modules/next/dist/next-devtools/shared/forward-logs-shared.js:27
[  218346ms] [LOG] [Fast Refresh] done in 836ms @ webpack-internal:///(app-pages-browser)/../../../node_modules/next/dist/next-devtools/shared/forward-logs-shared.js:27
[  219072ms] [LOG] [engine] select {file: src/app/(dev)/effect-creator/v5.3.1/user/EmptyState.tsx, line: 17, col: 11, tag: span, classes: Array(1)} {computed: Object, defined: Object} @ webpack-internal:///(app-pages-browser)/../../../node_modules/next/dist/next-devtools/shared/forward-logs-shared.js:27
[  225730ms] [LOG] [Fast Refresh] rebuilding @ webpack-internal:///(app-pages-browser)/../../../node_modules/next/dist/next-devtools/shared/forward-logs-shared.js:27
[  225730ms] [LOG] [Fast Refresh] rebuilding @ webpack-internal:///(app-pages-browser)/../../../node_modules/next/dist/next-devtools/shared/forward-logs-shared.js:27
[  228047ms] [LOG] [Fast Refresh] done in 2318ms @ webpack-internal:///(app-pages-browser)/../../../node_modules/next/dist/next-devtools/shared/forward-logs-shared.js:27
[  228062ms] [LOG] [Fast Refresh] done in 2332ms @ webpack-internal:///(app-pages-browser)/../../../node_modules/next/dist/next-devtools/shared/forward-logs-shared.js:27
[  228499ms] [LOG] [engine] select {file: src/app/(dev)/effect-creator/v5.3.1/user/EmptyState.tsx, line: 17, col: 11, tag: span, classes: Array(1)} {computed: Object, defined: Object} @ webpack-internal:///(app-pages-browser)/../../../node_modules/next/dist/next-devtools/shared/forward-logs-shared.js:27
[  229808ms] [LOG] [Fast Refresh] rebuilding @ webpack-internal:///(app-pages-browser)/../../../node_modules/next/dist/next-devtools/shared/forward-logs-shared.js:27
[  229810ms] [LOG] [Fast Refresh] rebuilding @ webpack-internal:///(app-pages-browser)/../../../node_modules/next/dist/next-devtools/shared/forward-logs-shared.js:27
[  231305ms] [LOG] [Fast Refresh] rebuilding @ webpack-internal:///(app-pages-browser)/../../../node_modules/next/dist/next-devtools/shared/forward-logs-shared.js:27
[  231305ms] [LOG] [Fast Refresh] rebuilding @ webpack-internal:///(app-pages-browser)/../../../node_modules/next/dist/next-devtools/shared/forward-logs-shared.js:27
[  231445ms] [LOG] [Fast Refresh] done in 139ms @ webpack-internal:///(app-pages-browser)/../../../node_modules/next/dist/next-devtools/shared/forward-logs-shared.js:27
[  234470ms] [LOG] [Fast Refresh] done in 3164ms @ webpack-internal:///(app-pages-browser)/../../../node_modules/next/dist/next-devtools/shared/forward-logs-shared.js:27
[  234794ms] [LOG] [Fast Refresh] done in 3484ms @ webpack-internal:///(app-pages-browser)/../../../node_modules/next/dist/next-devtools/shared/forward-logs-shared.js:27
[  234805ms] [LOG] [Fast Refresh] rebuilding @ webpack-internal:///(app-pages-browser)/../../../node_modules/next/dist/next-devtools/shared/forward-logs-shared.js:27
[  234806ms] [LOG] [Fast Refresh] done in 3501ms @ webpack-internal:///(app-pages-browser)/../../../node_modules/next/dist/next-devtools/shared/forward-logs-shared.js:27
[  234810ms] [LOG] [Fast Refresh] rebuilding @ webpack-internal:///(app-pages-browser)/../../../node_modules/next/dist/next-devtools/shared/forward-logs-shared.js:27
[  235516ms] [LOG] [Fast Refresh] done in 705ms @ webpack-internal:///(app-pages-browser)/../../../node_modules/next/dist/next-devtools/shared/forward-logs-shared.js:27
[  235627ms] [LOG] [Fast Refresh] done in 821ms @ webpack-internal:///(app-pages-browser)/../../../node_modules/next/dist/next-devtools/shared/forward-logs-shared.js:27
[  236073ms] [LOG] [engine] select {file: src/app/(dev)/effect-creator/v5.3.1/user/EmptyState.tsx, line: 17, col: 11, tag: span, classes: Array(1)} {computed: Object, defined: Object} @ webpack-internal:///(app-pages-browser)/../../../node_modules/next/dist/next-devtools/shared/forward-logs-shared.js:27
[  238666ms] [WARNING] The resource http://localhost:3025/_next/static/css/app/(dev)/effect-creator/v5.3.1/2d/page.css?v=1783171951871 was preloaded using link preload but not used within a few seconds from the window's load event. Please make sure it has an appropriate `as` value and it is preloaded intentionally. @ http://localhost:3025/effect-creator/v5.3.1/2d:0
[  238666ms] [WARNING] The resource http://localhost:3025/_next/static/css/app/layout.css?v=1783171951871 was preloaded using link preload but not used within a few seconds from the window's load event. Please make sure it has an appropriate `as` value and it is preloaded intentionally. @ http://localhost:3025/effect-creator/v5.3.1/2d:0
[  238734ms] [WARNING] The resource http://localhost:3025/_next/static/css/app/layout.css?v=1783171951836 was preloaded using link preload but not used within a few seconds from the window's load event. Please make sure it has an appropriate `as` value and it is preloaded intentionally. @ http://localhost:3025/react-figma:0
[  242169ms] [LOG] [Fast Refresh] rebuilding @ webpack-internal:///(app-pages-browser)/../../../node_modules/next/dist/next-devtools/shared/forward-logs-shared.js:27
[  242169ms] [LOG] [Fast Refresh] rebuilding @ webpack-internal:///(app-pages-browser)/../../../node_modules/next/dist/next-devtools/shared/forward-logs-shared.js:27
[  244611ms] [LOG] [Fast Refresh] done in 2443ms @ webpack-internal:///(app-pages-browser)/../../../node_modules/next/dist/next-devtools/shared/forward-logs-shared.js:27
[  244613ms] [LOG] [Fast Refresh] rebuilding @ webpack-internal:///(app-pages-browser)/../../../node_modules/next/dist/next-devtools/shared/forward-logs-shared.js:27
[  244614ms] [LOG] [Fast Refresh] rebuilding @ webpack-internal:///(app-pages-browser)/../../../node_modules/next/dist/next-devtools/shared/forward-logs-shared.js:27
[  244768ms] [LOG] [Fast Refresh] done in 154ms @ webpack-internal:///(app-pages-browser)/../../../node_modules/next/dist/next-devtools/shared/forward-logs-shared.js:27
[  245025ms] [LOG] [Fast Refresh] done in 412ms @ webpack-internal:///(app-pages-browser)/../../../node_modules/next/dist/next-devtools/shared/forward-logs-shared.js:27
[  245055ms] [LOG] [Fast Refresh] rebuilding @ webpack-internal:///(app-pages-browser)/../../../node_modules/next/dist/next-devtools/shared/forward-logs-shared.js:27
[  245056ms] [LOG] [Fast Refresh] rebuilding @ webpack-internal:///(app-pages-browser)/../../../node_modules/next/dist/next-devtools/shared/forward-logs-shared.js:27
[  245148ms] [LOG] [Fast Refresh] done in 92ms @ webpack-internal:///(app-pages-browser)/../../../node_modules/next/dist/next-devtools/shared/forward-logs-shared.js:27
[  245731ms] [LOG] [Fast Refresh] done in 675ms @ webpack-internal:///(app-pages-browser)/../../../node_modules/next/dist/next-devtools/shared/forward-logs-shared.js:27
[  245736ms] [LOG] [Fast Refresh] done in 680ms @ webpack-internal:///(app-pages-browser)/../../../node_modules/next/dist/next-devtools/shared/forward-logs-shared.js:27
[  246396ms] [LOG] [engine] select {file: src/app/(dev)/effect-creator/v5.3.1/user/EmptyState.tsx, line: 17, col: 11, tag: span, classes: Array(1)} {computed: Object, defined: Object} @ webpack-internal:///(app-pages-browser)/../../../node_modules/next/dist/next-devtools/shared/forward-logs-shared.js:27
[  248991ms] [WARNING] The resource http://localhost:3025/_next/static/css/app/(dev)/effect-creator/v5.3.1/2d/page.css?v=1783171960794 was preloaded using link preload but not used within a few seconds from the window's load event. Please make sure it has an appropriate `as` value and it is preloaded intentionally. @ http://localhost:3025/effect-creator/v5.3.1/2d:0
[  248992ms] [WARNING] The resource http://localhost:3025/_next/static/css/app/(dev)/effect-creator/v5.3.1/2d/page.css?v=1783171951871 was preloaded using link preload but not used within a few seconds from the window's load event. Please make sure it has an appropriate `as` value and it is preloaded intentionally. @ http://localhost:3025/effect-creator/v5.3.1/2d:0
[  248992ms] [WARNING] The resource http://localhost:3025/_next/static/css/app/layout.css?v=1783171951871 was preloaded using link preload but not used within a few seconds from the window's load event. Please make sure it has an appropriate `as` value and it is preloaded intentionally. @ http://localhost:3025/effect-creator/v5.3.1/2d:0
[  248992ms] [WARNING] The resource http://localhost:3025/_next/static/css/app/layout.css?v=1783171960794 was preloaded using link preload but not used within a few seconds from the window's load event. Please make sure it has an appropriate `as` value and it is preloaded intentionally. @ http://localhost:3025/effect-creator/v5.3.1/2d:0
[  249042ms] [WARNING] The resource http://localhost:3025/_next/static/css/app/layout.css?v=1783171951836 was preloaded using link preload but not used within a few seconds from the window's load event. Please make sure it has an appropriate `as` value and it is preloaded intentionally. @ http://localhost:3025/react-figma:0
[  270318ms] [LOG] [Fast Refresh] rebuilding @ webpack-internal:///(app-pages-browser)/../../../node_modules/next/dist/next-devtools/shared/forward-logs-shared.js:27
[  270319ms] [LOG] [Fast Refresh] rebuilding @ webpack-internal:///(app-pages-browser)/../../../node_modules/next/dist/next-devtools/shared/forward-logs-shared.js:27
[  271843ms] [LOG] [Fast Refresh] done in 1523ms @ webpack-internal:///(app-pages-browser)/../../../node_modules/next/dist/next-devtools/shared/forward-logs-shared.js:27
[  271854ms] [LOG] [Fast Refresh] rebuilding @ webpack-internal:///(app-pages-browser)/../../../node_modules/next/dist/next-devtools/shared/forward-logs-shared.js:27
[  271855ms] [LOG] [Fast Refresh] rebuilding @ webpack-internal:///(app-pages-browser)/../../../node_modules/next/dist/next-devtools/shared/forward-logs-shared.js:27
[  272661ms] [LOG] [Fast Refresh] done in 808ms @ webpack-internal:///(app-pages-browser)/../../../node_modules/next/dist/next-devtools/shared/forward-logs-shared.js:27
[  273531ms] [LOG] [Fast Refresh] done in 1677ms @ webpack-internal:///(app-pages-browser)/../../../node_modules/next/dist/next-devtools/shared/forward-logs-shared.js:27
[  273532ms] [LOG] [Fast Refresh] done in 1677ms @ webpack-internal:///(app-pages-browser)/../../../node_modules/next/dist/next-devtools/shared/forward-logs-shared.js:27
[  274242ms] [LOG] [engine] select {file: src/app/(dev)/effect-creator/v5.3.1/user/EmptyState.tsx, line: 17, col: 11, tag: span, classes: Array(1)} {computed: Object, defined: Object} @ webpack-internal:///(app-pages-browser)/../../../node_modules/next/dist/next-devtools/shared/forward-logs-shared.js:27
[  276810ms] [WARNING] The resource http://localhost:3025/_next/static/css/app/(dev)/effect-creator/v5.3.1/2d/page.css?v=1783171960794 was preloaded using link preload but not used within a few seconds from the window's load event. Please make sure it has an appropriate `as` value and it is preloaded intentionally. @ http://localhost:3025/effect-creator/v5.3.1/2d:0
[  276810ms] [WARNING] The resource http://localhost:3025/_next/static/css/app/(dev)/effect-creator/v5.3.1/2d/page.css?v=1783171951871 was preloaded using link preload but not used within a few seconds from the window's load event. Please make sure it has an appropriate `as` value and it is preloaded intentionally. @ http://localhost:3025/effect-creator/v5.3.1/2d:0
[  276810ms] [WARNING] The resource http://localhost:3025/_next/static/css/app/layout.css?v=1783171951871 was preloaded using link preload but not used within a few seconds from the window's load event. Please make sure it has an appropriate `as` value and it is preloaded intentionally. @ http://localhost:3025/effect-creator/v5.3.1/2d:0
[  276810ms] [WARNING] The resource http://localhost:3025/_next/static/css/app/layout.css?v=1783171960794 was preloaded using link preload but not used within a few seconds from the window's load event. Please make sure it has an appropriate `as` value and it is preloaded intentionally. @ http://localhost:3025/effect-creator/v5.3.1/2d:0
[  276934ms] [WARNING] The resource http://localhost:3025/_next/static/css/app/layout.css?v=1783171951836 was preloaded using link preload but not used within a few seconds from the window's load event. Please make sure it has an appropriate `as` value and it is preloaded intentionally. @ http://localhost:3025/react-figma:0
[  311202ms] [INFO] %cDownload the React DevTools for a better development experience: https://react.dev/link/react-devtools font-weight:bold @ webpack-internal:///(app-pages-browser)/../../../node_modules/next/dist/next-devtools/shared/forward-logs-shared.js:27
[  311624ms] [LOG] [HMR] connected @ webpack-internal:///(app-pages-browser)/../../../node_modules/next/dist/next-devtools/shared/forward-logs-shared.js:27
[  311661ms] [LOG] [HMR] connected @ webpack-internal:///(app-pages-browser)/../../../node_modules/next/dist/next-devtools/shared/forward-logs-shared.js:27
[  311772ms] [LOG] [engine] canvas wired — contentDocument reachable (COEP smoke PASS) @ webpack-internal:///(app-pages-browser)/../../../node_modules/next/dist/next-devtools/shared/forward-logs-shared.js:27
[  493716ms] [LOG] [Fast Refresh] rebuilding @ webpack-internal:///(app-pages-browser)/../../../node_modules/next/dist/next-devtools/shared/forward-logs-shared.js:27
[  493718ms] [LOG] [Fast Refresh] rebuilding @ webpack-internal:///(app-pages-browser)/../../../node_modules/next/dist/next-devtools/shared/forward-logs-shared.js:27
[  494698ms] [LOG] [Fast Refresh] done in 984ms @ webpack-internal:///(app-pages-browser)/../../../node_modules/next/dist/next-devtools/shared/forward-logs-shared.js:27
[  494700ms] [LOG] [Fast Refresh] rebuilding @ webpack-internal:///(app-pages-browser)/../../../node_modules/next/dist/next-devtools/shared/forward-logs-shared.js:27
[  494700ms] [LOG] [Fast Refresh] rebuilding @ webpack-internal:///(app-pages-browser)/../../../node_modules/next/dist/next-devtools/shared/forward-logs-shared.js:27
[  494700ms] [LOG] [Fast Refresh] done in 1ms @ webpack-internal:///(app-pages-browser)/../../../node_modules/next/dist/next-devtools/shared/forward-logs-shared.js:27
[  495365ms] [LOG] [Fast Refresh] done in 666ms @ webpack-internal:///(app-pages-browser)/../../../node_modules/next/dist/next-devtools/shared/forward-logs-shared.js:27
[  495366ms] [LOG] [Fast Refresh] done in 666ms @ webpack-internal:///(app-pages-browser)/../../../node_modules/next/dist/next-devtools/shared/forward-logs-shared.js:27
[  496491ms] [LOG] [Fast Refresh] rebuilding @ webpack-internal:///(app-pages-browser)/../../../node_modules/next/dist/next-devtools/shared/forward-logs-shared.js:27
[  496491ms] [LOG] [Fast Refresh] rebuilding @ webpack-internal:///(app-pages-browser)/../../../node_modules/next/dist/next-devtools/shared/forward-logs-shared.js:27
[  496811ms] [LOG] [Fast Refresh] rebuilding @ webpack-internal:///(app-pages-browser)/../../../node_modules/next/dist/next-devtools/shared/forward-logs-shared.js:27
[  496811ms] [LOG] [Fast Refresh] rebuilding @ webpack-internal:///(app-pages-browser)/../../../node_modules/next/dist/next-devtools/shared/forward-logs-shared.js:27
[  496909ms] [LOG] [Fast Refresh] done in 98ms @ webpack-internal:///(app-pages-browser)/../../../node_modules/next/dist/next-devtools/shared/forward-logs-shared.js:27
[  496909ms] [LOG] [Fast Refresh] done in 99ms @ webpack-internal:///(app-pages-browser)/../../../node_modules/next/dist/next-devtools/shared/forward-logs-shared.js:27
[  497274ms] [LOG] [Fast Refresh] done in 464ms @ webpack-internal:///(app-pages-browser)/../../../node_modules/next/dist/next-devtools/shared/forward-logs-shared.js:27
[  497275ms] [LOG] [Fast Refresh] done in 464ms @ webpack-internal:///(app-pages-browser)/../../../node_modules/next/dist/next-devtools/shared/forward-logs-shared.js:27
[  499629ms] [LOG] [Fast Refresh] rebuilding @ webpack-internal:///(app-pages-browser)/../../../node_modules/next/dist/next-devtools/shared/forward-logs-shared.js:27
[  499629ms] [LOG] [Fast Refresh] rebuilding @ webpack-internal:///(app-pages-browser)/../../../node_modules/next/dist/next-devtools/shared/forward-logs-shared.js:27
[  500184ms] [LOG] [Fast Refresh] done in 556ms @ webpack-internal:///(app-pages-browser)/../../../node_modules/next/dist/next-devtools/shared/forward-logs-shared.js:27
[  500187ms] [LOG] [Fast Refresh] rebuilding @ webpack-internal:///(app-pages-browser)/../../../node_modules/next/dist/next-devtools/shared/forward-logs-shared.js:27
[  500187ms] [LOG] [Fast Refresh] rebuilding @ webpack-internal:///(app-pages-browser)/../../../node_modules/next/dist/next-devtools/shared/forward-logs-shared.js:27
[  500188ms] [LOG] [Fast Refresh] done in 0ms @ webpack-internal:///(app-pages-browser)/../../../node_modules/next/dist/next-devtools/shared/forward-logs-shared.js:27
[  500665ms] [LOG] [Fast Refresh] done in 478ms @ webpack-internal:///(app-pages-browser)/../../../node_modules/next/dist/next-devtools/shared/forward-logs-shared.js:27
[  500666ms] [LOG] [Fast Refresh] done in 478ms @ webpack-internal:///(app-pages-browser)/../../../node_modules/next/dist/next-devtools/shared/forward-logs-shared.js:27
[  513146ms] [INFO] %cDownload the React DevTools for a better development experience: https://react.dev/link/react-devtools font-weight:bold @ webpack-internal:///(app-pages-browser)/../../../node_modules/next/dist/next-devtools/shared/forward-logs-shared.js:27
[  513419ms] [LOG] [HMR] connected @ webpack-internal:///(app-pages-browser)/../../../node_modules/next/dist/next-devtools/shared/forward-logs-shared.js:27
[  513445ms] [LOG] [HMR] connected @ webpack-internal:///(app-pages-browser)/../../../node_modules/next/dist/next-devtools/shared/forward-logs-shared.js:27
[  513528ms] [LOG] [engine] canvas wired — contentDocument reachable (COEP smoke PASS) @ webpack-internal:///(app-pages-browser)/../../../node_modules/next/dist/next-devtools/shared/forward-logs-shared.js:27
