[     681ms] [INFO] %cDownload the React DevTools for a better development experience: https://react.dev/link/react-devtools font-weight:bold @ webpack-internal:///(app-pages-browser)/../../../node_modules/next/dist/next-devtools/shared/forward-logs-shared.js:27
[    1005ms] [LOG] [HMR] connected @ webpack-internal:///(app-pages-browser)/../../../node_modules/next/dist/next-devtools/shared/forward-logs-shared.js:27
[    1033ms] [LOG] [HMR] connected @ webpack-internal:///(app-pages-browser)/../../../node_modules/next/dist/next-devtools/shared/forward-logs-shared.js:27
[    1147ms] [LOG] [engine] canvas wired — contentDocument reachable (COEP smoke PASS) @ webpack-internal:///(app-pages-browser)/../../../node_modules/next/dist/next-devtools/shared/forward-logs-shared.js:27
[   23447ms] [INFO] %cDownload the React DevTools for a better development experience: https://react.dev/link/react-devtools font-weight:bold @ webpack-internal:///(app-pages-browser)/../../../node_modules/next/dist/next-devtools/shared/forward-logs-shared.js:27
[   23707ms] [LOG] [HMR] connected @ webpack-internal:///(app-pages-browser)/../../../node_modules/next/dist/next-devtools/shared/forward-logs-shared.js:27
[   23731ms] [LOG] [HMR] connected @ webpack-internal:///(app-pages-browser)/../../../node_modules/next/dist/next-devtools/shared/forward-logs-shared.js:27
[   23794ms] [LOG] [engine] canvas wired — contentDocument reachable (COEP smoke PASS) @ webpack-internal:///(app-pages-browser)/../../../node_modules/next/dist/next-devtools/shared/forward-logs-shared.js:27
[   64873ms] [INFO] %cDownload the React DevTools for a better development experience: https://react.dev/link/react-devtools font-weight:bold @ webpack-internal:///(app-pages-browser)/../../../node_modules/next/dist/next-devtools/shared/forward-logs-shared.js:27
[   65159ms] [LOG] [HMR] connected @ webpack-internal:///(app-pages-browser)/../../../node_modules/next/dist/next-devtools/shared/forward-logs-shared.js:27
[   65184ms] [LOG] [HMR] connected @ webpack-internal:///(app-pages-browser)/../../../node_modules/next/dist/next-devtools/shared/forward-logs-shared.js:27
[   65260ms] [LOG] [engine] canvas wired — contentDocument reachable (COEP smoke PASS) @ webpack-internal:///(app-pages-browser)/../../../node_modules/next/dist/next-devtools/shared/forward-logs-shared.js:27
[   66954ms] [LOG] [engine] select {file: src/app/(dev)/effect-creator/v5.3.1/user/TopBar.tsx, line: 40, col: 7, tag: div, classes: Array(1)} {computed: Object, defined: Object} @ webpack-internal:///(app-pages-browser)/../../../node_modules/next/dist/next-devtools/shared/forward-logs-shared.js:27
[   67263ms] [LOG] [engine] select {file: src/app/(dev)/effect-creator/v5.3.1/user/EmptyState.tsx, line: 17, col: 11, tag: span, classes: Array(1)} {computed: Object, defined: Object} @ webpack-internal:///(app-pages-browser)/../../../node_modules/next/dist/next-devtools/shared/forward-logs-shared.js:27
[   67562ms] [LOG] [engine] select {file: src/app/(dev)/effect-creator/v5.3.1/user/TopBar.tsx, line: 41, col: 9, tag: div, classes: Array(1)} {computed: Object, defined: Object} @ webpack-internal:///(app-pages-browser)/../../../node_modules/next/dist/next-devtools/shared/forward-logs-shared.js:27
[   67860ms] [LOG] [engine] select {file: src/app/(dev)/effect-creator/v5.3.1/user/Dock.tsx, line: 41, col: 5, tag: div, classes: Array(1)} {computed: Object, defined: Object} @ webpack-internal:///(app-pages-browser)/../../../node_modules/next/dist/next-devtools/shared/forward-logs-shared.js:27
[   68163ms] [LOG] [engine] select {file: src/app/(dev)/effect-creator/v5.3.1/user/Dock.tsx, line: 28, col: 7, tag: span, classes: Array(1)} {computed: Object, defined: Object} @ webpack-internal:///(app-pages-browser)/../../../node_modules/next/dist/next-devtools/shared/forward-logs-shared.js:27
[  121221ms] [INFO] %cDownload the React DevTools for a better development experience: https://react.dev/link/react-devtools font-weight:bold @ webpack-internal:///(app-pages-browser)/../../../node_modules/next/dist/next-devtools/shared/forward-logs-shared.js:27
[  121488ms] [LOG] [HMR] connected @ webpack-internal:///(app-pages-browser)/../../../node_modules/next/dist/next-devtools/shared/forward-logs-shared.js:27
[  121520ms] [LOG] [HMR] connected @ webpack-internal:///(app-pages-browser)/../../../node_modules/next/dist/next-devtools/shared/forward-logs-shared.js:27
[  121594ms] [LOG] [engine] canvas wired — contentDocument reachable (COEP smoke PASS) @ webpack-internal:///(app-pages-browser)/../../../node_modules/next/dist/next-devtools/shared/forward-logs-shared.js:27
[  142236ms] [INFO] %cDownload the React DevTools for a better development experience: https://react.dev/link/react-devtools font-weight:bold @ webpack-internal:///(app-pages-browser)/../../../node_modules/next/dist/next-devtools/shared/forward-logs-shared.js:27
[  142493ms] [LOG] [HMR] connected @ webpack-internal:///(app-pages-browser)/../../../node_modules/next/dist/next-devtools/shared/forward-logs-shared.js:27
[  142530ms] [LOG] [HMR] connected @ webpack-internal:///(app-pages-browser)/../../../node_modules/next/dist/next-devtools/shared/forward-logs-shared.js:27
[  142588ms] [LOG] [engine] canvas wired — contentDocument reachable (COEP smoke PASS) @ webpack-internal:///(app-pages-browser)/../../../node_modules/next/dist/next-devtools/shared/forward-logs-shared.js:27
[  144276ms] [LOG] [engine] select {file: src/app/(dev)/effect-creator/v5.3.1/user/Dock.tsx, line: 41, col: 5, tag: div, classes: Array(1)} {computed: Object, defined: Object} @ webpack-internal:///(app-pages-browser)/../../../node_modules/next/dist/next-devtools/shared/forward-logs-shared.js:27
[  144570ms] [LOG] [engine] select {file: src/app/(dev)/effect-creator/v5.3.1/user/Dock.tsx, line: 28, col: 7, tag: span, classes: Array(1)} {computed: Object, defined: Object} @ webpack-internal:///(app-pages-browser)/../../../node_modules/next/dist/next-devtools/shared/forward-logs-shared.js:27
[  173915ms] [INFO] %cDownload the React DevTools for a better development experience: https://react.dev/link/react-devtools font-weight:bold @ webpack-internal:///(app-pages-browser)/../../../node_modules/next/dist/next-devtools/shared/forward-logs-shared.js:27
[  174170ms] [LOG] [HMR] connected @ webpack-internal:///(app-pages-browser)/../../../node_modules/next/dist/next-devtools/shared/forward-logs-shared.js:27
[  174202ms] [LOG] [HMR] connected @ webpack-internal:///(app-pages-browser)/../../../node_modules/next/dist/next-devtools/shared/forward-logs-shared.js:27
[  174294ms] [LOG] [engine] canvas wired — contentDocument reachable (COEP smoke PASS) @ webpack-internal:///(app-pages-browser)/../../../node_modules/next/dist/next-devtools/shared/forward-logs-shared.js:27
[  175983ms] [LOG] [engine] select {file: src/qa-cssom.tsx, line: 1, col: 1, tag: div, classes: Array(2)} {computed: Object, defined: Object} @ webpack-internal:///(app-pages-browser)/../../../node_modules/next/dist/next-devtools/shared/forward-logs-shared.js:27
[  176277ms] [LOG] [engine] select {file: src/qa-cssom.tsx, line: 1, col: 1, tag: div, classes: Array(1)} {computed: Object, defined: Object} @ webpack-internal:///(app-pages-browser)/../../../node_modules/next/dist/next-devtools/shared/forward-logs-shared.js:27
[  176391ms] [LOG] [engine] select {file: src/qa-cssom.tsx, line: 1, col: 1, tag: div, classes: Array(1)} {computed: Object, defined: Object} @ webpack-internal:///(app-pages-browser)/../../../node_modules/next/dist/next-devtools/shared/forward-logs-shared.js:27
[  176567ms] [LOG] [engine] select {file: src/qa-cssom.tsx, line: 1, col: 1, tag: div, classes: Array(1)} {computed: Object, defined: Object} @ webpack-internal:///(app-pages-browser)/../../../node_modules/next/dist/next-devtools/shared/forward-logs-shared.js:27
[  200627ms] [INFO] %cDownload the React DevTools for a better development experience: https://react.dev/link/react-devtools font-weight:bold @ webpack-internal:///(app-pages-browser)/../../../node_modules/next/dist/next-devtools/shared/forward-logs-shared.js:27
[  200878ms] [LOG] [HMR] connected @ webpack-internal:///(app-pages-browser)/../../../node_modules/next/dist/next-devtools/shared/forward-logs-shared.js:27
[  200911ms] [LOG] [HMR] connected @ webpack-internal:///(app-pages-browser)/../../../node_modules/next/dist/next-devtools/shared/forward-logs-shared.js:27
[  200978ms] [LOG] [engine] canvas wired — contentDocument reachable (COEP smoke PASS) @ webpack-internal:///(app-pages-browser)/../../../node_modules/next/dist/next-devtools/shared/forward-logs-shared.js:27
[  203395ms] [LOG] [engine] select {file: src/qa-live.tsx, line: 2, col: 3, tag: div, classes: Array(1)} {computed: Object, defined: Object} @ webpack-internal:///(app-pages-browser)/../../../node_modules/next/dist/next-devtools/shared/forward-logs-shared.js:27
[  346488ms] [LOG] [Fast Refresh] rebuilding @ webpack-internal:///(app-pages-browser)/../../../node_modules/next/dist/next-devtools/shared/forward-logs-shared.js:27
[  346489ms] [LOG] [Fast Refresh] rebuilding @ webpack-internal:///(app-pages-browser)/../../../node_modules/next/dist/next-devtools/shared/forward-logs-shared.js:27
[  347628ms] [LOG] [Fast Refresh] done in 1141ms @ webpack-internal:///(app-pages-browser)/../../../node_modules/next/dist/next-devtools/shared/forward-logs-shared.js:27
[  347629ms] [LOG] [Fast Refresh] rebuilding @ webpack-internal:///(app-pages-browser)/../../../node_modules/next/dist/next-devtools/shared/forward-logs-shared.js:27
[  347629ms] [LOG] [Fast Refresh] rebuilding @ webpack-internal:///(app-pages-browser)/../../../node_modules/next/dist/next-devtools/shared/forward-logs-shared.js:27
[  347630ms] [LOG] [Fast Refresh] done in 0ms @ webpack-internal:///(app-pages-browser)/../../../node_modules/next/dist/next-devtools/shared/forward-logs-shared.js:27
[  348320ms] [LOG] [Fast Refresh] done in 691ms @ webpack-internal:///(app-pages-browser)/../../../node_modules/next/dist/next-devtools/shared/forward-logs-shared.js:27
[  348320ms] [LOG] [Fast Refresh] done in 691ms @ webpack-internal:///(app-pages-browser)/../../../node_modules/next/dist/next-devtools/shared/forward-logs-shared.js:27
[  372489ms] [LOG] [Fast Refresh] rebuilding @ webpack-internal:///(app-pages-browser)/../../../node_modules/next/dist/next-devtools/shared/forward-logs-shared.js:27
[  372490ms] [LOG] [Fast Refresh] rebuilding @ webpack-internal:///(app-pages-browser)/../../../node_modules/next/dist/next-devtools/shared/forward-logs-shared.js:27
[  372947ms] [LOG] [Fast Refresh] rebuilding @ webpack-internal:///(app-pages-browser)/../../../node_modules/next/dist/next-devtools/shared/forward-logs-shared.js:27
[  372947ms] [LOG] [Fast Refresh] rebuilding @ webpack-internal:///(app-pages-browser)/../../../node_modules/next/dist/next-devtools/shared/forward-logs-shared.js:27
[  372999ms] [LOG] [Fast Refresh] done in 51ms @ webpack-internal:///(app-pages-browser)/../../../node_modules/next/dist/next-devtools/shared/forward-logs-shared.js:27
[  372999ms] [LOG] [Fast Refresh] done in 52ms @ webpack-internal:///(app-pages-browser)/../../../node_modules/next/dist/next-devtools/shared/forward-logs-shared.js:27
[  373669ms] [LOG] [Fast Refresh] done in 722ms @ webpack-internal:///(app-pages-browser)/../../../node_modules/next/dist/next-devtools/shared/forward-logs-shared.js:27
[  373670ms] [LOG] [Fast Refresh] done in 722ms @ webpack-internal:///(app-pages-browser)/../../../node_modules/next/dist/next-devtools/shared/forward-logs-shared.js:27
[  381753ms] [LOG] [Fast Refresh] rebuilding @ webpack-internal:///(app-pages-browser)/../../../node_modules/next/dist/next-devtools/shared/forward-logs-shared.js:27
[  381755ms] [LOG] [Fast Refresh] rebuilding @ webpack-internal:///(app-pages-browser)/../../../node_modules/next/dist/next-devtools/shared/forward-logs-shared.js:27
[  382993ms] [LOG] [Fast Refresh] done in 1239ms @ webpack-internal:///(app-pages-browser)/../../../node_modules/next/dist/next-devtools/shared/forward-logs-shared.js:27
[  383209ms] [LOG] [Fast Refresh] done in 1455ms @ webpack-internal:///(app-pages-browser)/../../../node_modules/next/dist/next-devtools/shared/forward-logs-shared.js:27
[  383593ms] [LOG] [Fast Refresh] rebuilding @ webpack-internal:///(app-pages-browser)/../../../node_modules/next/dist/next-devtools/shared/forward-logs-shared.js:27
[  383594ms] [LOG] [Fast Refresh] rebuilding @ webpack-internal:///(app-pages-browser)/../../../node_modules/next/dist/next-devtools/shared/forward-logs-shared.js:27
[  384381ms] [LOG] [Fast Refresh] done in 787ms @ webpack-internal:///(app-pages-browser)/../../../node_modules/next/dist/next-devtools/shared/forward-logs-shared.js:27
[  384381ms] [LOG] [Fast Refresh] done in 788ms @ webpack-internal:///(app-pages-browser)/../../../node_modules/next/dist/next-devtools/shared/forward-logs-shared.js:27
[  386883ms] [LOG] [Fast Refresh] rebuilding @ webpack-internal:///(app-pages-browser)/../../../node_modules/next/dist/next-devtools/shared/forward-logs-shared.js:27
[  386884ms] [LOG] [Fast Refresh] rebuilding @ webpack-internal:///(app-pages-browser)/../../../node_modules/next/dist/next-devtools/shared/forward-logs-shared.js:27
[  387319ms] [LOG] [Fast Refresh] done in 435ms @ webpack-internal:///(app-pages-browser)/../../../node_modules/next/dist/next-devtools/shared/forward-logs-shared.js:27
[  387370ms] [LOG] [Fast Refresh] rebuilding @ webpack-internal:///(app-pages-browser)/../../../node_modules/next/dist/next-devtools/shared/forward-logs-shared.js:27
[  387370ms] [LOG] [Fast Refresh] rebuilding @ webpack-internal:///(app-pages-browser)/../../../node_modules/next/dist/next-devtools/shared/forward-logs-shared.js:27
[  387674ms] [LOG] [Fast Refresh] done in 305ms @ webpack-internal:///(app-pages-browser)/../../../node_modules/next/dist/next-devtools/shared/forward-logs-shared.js:27
[  388060ms] [LOG] [Fast Refresh] done in 691ms @ webpack-internal:///(app-pages-browser)/../../../node_modules/next/dist/next-devtools/shared/forward-logs-shared.js:27
[  388061ms] [LOG] [Fast Refresh] done in 690ms @ webpack-internal:///(app-pages-browser)/../../../node_modules/next/dist/next-devtools/shared/forward-logs-shared.js:27
[  415741ms] [INFO] %cDownload the React DevTools for a better development experience: https://react.dev/link/react-devtools font-weight:bold @ webpack-internal:///(app-pages-browser)/../../../node_modules/next/dist/next-devtools/shared/forward-logs-shared.js:27
[  416041ms] [LOG] [HMR] connected @ webpack-internal:///(app-pages-browser)/../../../node_modules/next/dist/next-devtools/shared/forward-logs-shared.js:27
[  416087ms] [LOG] [HMR] connected @ webpack-internal:///(app-pages-browser)/../../../node_modules/next/dist/next-devtools/shared/forward-logs-shared.js:27
[  416181ms] [LOG] [engine] canvas wired — contentDocument reachable (COEP smoke PASS) @ webpack-internal:///(app-pages-browser)/../../../node_modules/next/dist/next-devtools/shared/forward-logs-shared.js:27
